// Vitest Snapshot v1, https://vitest.dev/guide/snapshot.html

exports[`all shipped data compiles > stage-id snapshot (drift tripwire) 1`] = `
[
  "char.camellya.basic-attack.burgeoning.atonement::basic-attack",
  "char.camellya.basic-attack.burgeoning.basic-attack-1::basic-attack",
  "char.camellya.basic-attack.burgeoning.basic-attack-2::basic-attack",
  "char.camellya.basic-attack.burgeoning.basic-attack-3::basic-attack",
  "char.camellya.basic-attack.burgeoning.basic-attack-4-hold::basic-attack",
  "char.camellya.basic-attack.burgeoning.basic-attack-4::basic-attack",
  "char.camellya.basic-attack.burgeoning.basic-attack-5::basic-attack",
  "char.camellya.basic-attack.burgeoning.blazing-waltz::basic-attack",
  "char.camellya.basic-attack.burgeoning.dodge-counter::basic-attack",
  "char.camellya.basic-attack.burgeoning.mid-air-attack::basic-attack",
  "char.camellya.basic-attack.burgeoning.vining-ronde::basic-attack",
  "char.camellya.basic-attack.burgeoning.vining-waltz-1::basic-attack",
  "char.camellya.basic-attack.burgeoning.vining-waltz-2::basic-attack",
  "char.camellya.basic-attack.burgeoning.vining-waltz-3::basic-attack",
  "char.camellya.basic-attack.burgeoning.vining-waltz-4::basic-attack",
  "char.camellya.heavy-attack.burgeoning.heavy-attack::basic-attack",
  "char.camellya.intro-skill.everblooming.cast::intro-skill",
  "char.camellya.movement.dodge.dodge::movement",
  "char.camellya.movement.jump.jump::movement",
  "char.camellya.outro-skill.twining.cast::outro-skill",
  "char.camellya.resonance-liberation.fervor-efflorescent.cast::resonance-liberation",
  "char.camellya.resonance-skill.valse-of-bloom-and-blight.crimson-blossom::basic-attack",
  "char.camellya.resonance-skill.valse-of-bloom-and-blight.floral-ravage::basic-attack",
  "char.camellya.resonance-skill.vegetative-universe.ephemeral::basic-attack",
  "char.camellya.resonance-skill.vegetative-universe.perennial::basic-attack",
  "char.cartethyia.basic-attack.sword-to-carve-my-forms.dodge-counter::basic-attack",
  "char.cartethyia.basic-attack.sword-to-carve-my-forms.heavy-attack::basic-attack",
  "char.cartethyia.basic-attack.sword-to-carve-my-forms.mid-air-attack::basic-attack",
  "char.cartethyia.basic-attack.sword-to-carve-my-forms.stage-1::basic-attack",
  "char.cartethyia.basic-attack.sword-to-carve-my-forms.stage-2::basic-attack",
  "char.cartethyia.basic-attack.sword-to-carve-my-forms.stage-3::basic-attack",
  "char.cartethyia.basic-attack.sword-to-carve-my-forms.stage-4::basic-attack",
  "char.cartethyia.basic-attack.tempest.basic-attack-stage-1::basic-attack",
  "char.cartethyia.basic-attack.tempest.basic-attack-stage-2::basic-attack",
  "char.cartethyia.basic-attack.tempest.basic-attack-stage-3::basic-attack",
  "char.cartethyia.basic-attack.tempest.basic-attack-stage-4::basic-attack",
  "char.cartethyia.basic-attack.tempest.basic-attack-stage-5::basic-attack",
  "char.cartethyia.basic-attack.tempest.dodge-counter::basic-attack",
  "char.cartethyia.basic-attack.tempest.enhanced-heavy-attack::basic-attack",
  "char.cartethyia.basic-attack.tempest.heavy-attack::basic-attack",
  "char.cartethyia.basic-attack.tempest.mid-air-attack-1::basic-attack",
  "char.cartethyia.basic-attack.tempest.mid-air-attack-2::basic-attack",
  "char.cartethyia.basic-attack.tempest.mid-air-attack-3::basic-attack",
  "char.cartethyia.basic-attack.tempest.upward-cut::basic-attack",
  "char.cartethyia.intro-skill.sword-to-mark-tide-s-trace.sword-to-call-for-freedom::intro-skill",
  "char.cartethyia.intro-skill.sword-to-mark-tide-s-trace.sword-to-mark-tide-s-trace::intro-skill",
  "char.cartethyia.movement.dodge.dodge::movement",
  "char.cartethyia.movement.jump.jump::movement",
  "char.cartethyia.outro-skill.wind-s-divine-blessing.cast::outro-skill",
  "char.cartethyia.resonance-liberation.a-knight-s-heartfelt-prayers.avatar-cartethyia::resonance-liberation",
  "char.cartethyia.resonance-liberation.a-knight-s-heartfelt-prayers.avatar-fleurdelys::resonance-liberation",
  "char.cartethyia.resonance-liberation.a-knight-s-heartfelt-prayers.blade-of-howling-squall::resonance-liberation",
  "char.cartethyia.resonance-liberation.a-knight-s-heartfelt-prayers.cast::resonance-liberation",
  "char.cartethyia.resonance-skill.sword-to-bear-their-names.cast::basic-attack",
  "char.cartethyia.resonance-skill.tempest.may-tempest-break-the-tides::resonance-skill",
  "char.cartethyia.resonance-skill.tempest.sword-to-answer-waves-call::resonance-skill",
  "char.encore.basic-attack.cosmos-rave.cosmos-dodge-counter::basic-attack",
  "char.encore.basic-attack.cosmos-rave.cosmos-frolicking-stage-1::basic-attack",
  "char.encore.basic-attack.cosmos-rave.cosmos-frolicking-stage-2::basic-attack",
  "char.encore.basic-attack.cosmos-rave.cosmos-frolicking-stage-3::basic-attack",
  "char.encore.basic-attack.cosmos-rave.stage-4::basic-attack",
  "char.encore.basic-attack.wooly-attack.dodge-counter::basic-attack",
  "char.encore.basic-attack.wooly-attack.mid-air-attack::basic-attack",
  "char.encore.basic-attack.wooly-attack.stage-1::basic-attack",
  "char.encore.basic-attack.wooly-attack.stage-2::basic-attack",
  "char.encore.basic-attack.wooly-attack.stage-3::basic-attack",
  "char.encore.basic-attack.wooly-attack.stage-4::basic-attack",
  "char.encore.basic-attack.wooly-attack.stage-5::basic-attack",
  "char.encore.heavy-attack.black-white-woolies.cloudy-frenzy::resonance-liberation",
  "char.encore.heavy-attack.black-white-woolies.cosmos-rupture::resonance-liberation",
  "char.encore.heavy-attack.cosmos-rave.cosmos-heavy-attack::heavy-attack",
  "char.encore.heavy-attack.wooly-attack.heavy-attack::heavy-attack",
  "char.encore.intro-skill.woolies-helpers.cast::intro-skill",
  "char.encore.movement.dodge.dodge::movement",
  "char.encore.movement.jump.jump::movement",
  "char.encore.outro-skill.thermal-field.cast::outro-skill",
  "char.encore.resonance-liberation.cosmos-rave.cast::resonance-liberation",
  "char.encore.resonance-skill.cosmos-rave.cosmos-rampage::resonance-skill",
  "char.encore.resonance-skill.flaming-woolies.energetic-welcome::resonance-skill",
  "char.encore.resonance-skill.flaming-woolies.flaming-woolies::resonance-skill",
  "char.sanhua.basic-attack.frigid-light.dodge-counter::heavy-attack",
  "char.sanhua.basic-attack.frigid-light.mid-air-attack::basic-attack",
  "char.sanhua.basic-attack.frigid-light.stage-1::basic-attack",
  "char.sanhua.basic-attack.frigid-light.stage-2::basic-attack",
  "char.sanhua.basic-attack.frigid-light.stage-3::basic-attack",
  "char.sanhua.basic-attack.frigid-light.stage-4::basic-attack",
  "char.sanhua.basic-attack.frigid-light.stage-5::basic-attack",
  "char.sanhua.heavy-attack.clarity-of-mind.detonate::heavy-attack",
  "char.sanhua.heavy-attack.frigid-light.heavy-attack::heavy-attack",
  "char.sanhua.intro-skill.freezing-thorns.cast::intro-skill",
  "char.sanhua.movement.dodge.dodge::movement",
  "char.sanhua.movement.jump.jump::movement",
  "char.sanhua.outro-skill.silversnow.cast::outro-skill",
  "char.sanhua.resonance-liberation.glacial-gaze.cast::resonance-liberation",
  "char.sanhua.resonance-skill.eternal-frost.cast::resonance-skill",
  "char.shorekeeper.basic-attack.astral-chord.transmutation::basic-attack",
  "char.shorekeeper.basic-attack.end-loop.healing::basic-attack",
  "char.shorekeeper.basic-attack.origin-calculus.dodge-counter::basic-attack",
  "char.shorekeeper.basic-attack.origin-calculus.plunging-attack::basic-attack",
  "char.shorekeeper.basic-attack.origin-calculus.stage-1::basic-attack",
  "char.shorekeeper.basic-attack.origin-calculus.stage-2::basic-attack",
  "char.shorekeeper.basic-attack.origin-calculus.stage-3::basic-attack",
  "char.shorekeeper.basic-attack.origin-calculus.stage-4::basic-attack",
  "char.shorekeeper.heavy-attack.astral-chord.illation::heavy-attack",
  "char.shorekeeper.heavy-attack.origin-calculus.heavy-attack::heavy-attack",
  "char.shorekeeper.intro-skill.proof-of-existence.discernment-healing::intro-skill",
  "char.shorekeeper.intro-skill.proof-of-existence.discernment::resonance-liberation",
  "char.shorekeeper.intro-skill.proof-of-existence.enlightenment-healing::intro-skill",
  "char.shorekeeper.intro-skill.proof-of-existence.enlightenment::resonance-skill",
  "char.shorekeeper.movement.dodge.dodge::movement",
  "char.shorekeeper.movement.jump.jump::movement",
  "char.shorekeeper.outro-skill.binary-butterfly.cast::outro-skill",
  "char.shorekeeper.resonance-liberation.end-loop.cast::resonance-liberation",
  "char.shorekeeper.resonance-skill.chaos-theory.cast::resonance-skill",
  "char.verina.basic-attack.arboreal-flourish.arboreal-flourish-healing::basic-attack",
  "char.verina.basic-attack.arboreal-flourish.coordinated-attack-healing::basic-attack",
  "char.verina.basic-attack.cultivation.dodge-counter::basic-attack",
  "char.verina.basic-attack.cultivation.mid-air-attack-stage-1::basic-attack",
  "char.verina.basic-attack.cultivation.mid-air-attack-stage-2::basic-attack",
  "char.verina.basic-attack.cultivation.mid-air-attack-stage-3::basic-attack",
  "char.verina.basic-attack.cultivation.stage-1::basic-attack",
  "char.verina.basic-attack.cultivation.stage-2::basic-attack",
  "char.verina.basic-attack.cultivation.stage-3::basic-attack",
  "char.verina.basic-attack.cultivation.stage-4::basic-attack",
  "char.verina.basic-attack.cultivation.stage-5::basic-attack",
  "char.verina.basic-attack.starflower-blooms.mid-air-attack-starflower-blooms-stage-1::basic-attack",
  "char.verina.basic-attack.starflower-blooms.mid-air-attack-starflower-blooms-stage-2::basic-attack",
  "char.verina.basic-attack.starflower-blooms.mid-air-attack-starflower-blooms-stage-3::basic-attack",
  "char.verina.basic-attack.starflower-blooms.starflower-blooms-healing::basic-attack",
  "char.verina.heavy-attack.cultivation.heavy-attack::heavy-attack",
  "char.verina.heavy-attack.cultivation.mid-air-heavy-attack::heavy-attack",
  "char.verina.heavy-attack.starflower-blooms.heavy-attack-starflower-blooms::heavy-attack",
  "char.verina.intro-skill.verdant-growth.cast::intro-skill",
  "char.verina.movement.dodge.dodge::movement",
  "char.verina.movement.jump.jump::movement",
  "char.verina.outro-skill.blossom.cast::outro-skill",
  "char.verina.resonance-liberation.arboreal-flourish.cast::resonance-liberation",
  "char.verina.resonance-liberation.arboreal-flourish.coordinated-attack::resonance-liberation",
  "char.verina.resonance-skill.botany-experiment.cast::resonance-skill",
  "echo.bell-borne-geochelone.hold::echo-skill",
  "echo.bell-borne-geochelone.tap::echo-skill",
  "echo.fallacy-of-no-return.hold::echo-skill",
  "echo.fallacy-of-no-return.tap::echo-skill",
  "echo.impermanence-heron.hold::echo-skill",
  "echo.impermanence-heron.tap::echo-skill",
  "echo.inferno-rider.hold::echo-skill",
  "echo.inferno-rider.tap::echo-skill",
  "echo.reminiscence-fleurdelys.hold::echo-skill",
  "echo.reminiscence-fleurdelys.tap::echo-skill",
]
`;
